Buildfile: /app/build.xml

-pre-init:

-init-private:

-pre-init-libraries:

-init-private-libraries:

-init-libraries:

-init-user:

-init-project:

-init-macrodef-property:

-init-modules-supported:

-do-init:

-post-init:

-init-check:

-init-ap-cmdline-properties:

-init-macrodef-modulename:

-init-source-module-properties:

-init-macrodef-javac-with-module:

-init-macrodef-javac-with-processors:

-init-macrodef-javac-without-processors:

-init-macrodef-javac:

-init-macrodef-test-impl:

-init-macrodef-junit-init:

-init-test-properties:

-init-macrodef-junit-prototype-with-module:

-init-macrodef-junit-prototype-without-module:

-init-macrodef-junit-single:

-init-macrodef-junit-batch:

-init-macrodef-junit:

-init-macrodef-junit-impl:
Trying to override old definition of task http://www.netbeans.org/ns/j2se-project/3:test-impl

-init-macrodef-testng:

-init-macrodef-testng-impl:

-init-macrodef-test:

-init-macrodef-junit-debug-impl:

-init-macrodef-test-debug-junit:

-init-macrodef-testng-debug:

-init-macrodef-testng-debug-impl:

-init-macrodef-test-debug-testng:

-init-macrodef-test-debug:

-init-debug-args:

-init-macrodef-nbjpda:

-init-macrodef-debug:

-init-macrodef-java-with-module:

-init-macrodef-java-with-unnamed-module:

-init-macrodef-java-without-module:

-init-macrodef-java:

-init-presetdef-jar:

-init-ap-cmdline-supported:

-init-ap-cmdline:

init:

-deps-jar-init:
   [delete] Deleting: /app/build/built-jar.properties

deps-jar:

-warn-already-built-jar:
[propertyfile] Updating property file: /app/build/built-jar.properties

-check-automatic-build:

-clean-after-automatic-build:

-verify-automatic-build:

-pre-pre-compile:

-pre-compile:

-copy-persistence-xml:

-compile-depend:

-do-compile:

-post-compile:

compile:

BUILD SUCCESSFUL
Total time: 1 second
